// Jest Snapshot v1, https://goo.gl/fbAQLP

exports[`Test in PrimeraApp should show <PrimeraApp/> correctly 1`] = `
<Fragment>
  <h1>
     
    Hellow!
     
  </h1>
  <p>
     
    Soy un subtitulo
     
  </p>
</Fragment>
`;
